ELF Header:
  Magic:   7f 45 4c 46 01 01 01 00 00 00 00 00 00 00 00 00 
  Class:                             ELF32
  Data:                              2's complement, little endian
  Version:                           1 (current)
  OS/ABI:                            UNIX - System V
  ABI Version:                       0
  Type:                              EXEC (Executable file)
  Machine:                           CSKY
  Version:                           0x1
  Entry point address:               0x820
  Start of program headers:          52 (bytes into file)
  Start of section headers:          140144 (bytes into file)
  Flags:                             0x21000000
  Size of this header:               52 (bytes)
  Size of program headers:           32 (bytes)
  Number of program headers:         2
  Size of section headers:           40 (bytes)
  Number of section headers:         18
  Section header string table index: 15

Section Headers:
  [Nr] Name              Type            Addr     Off    Size   ES Flg Lk Inf Al
  [ 0]                   NULL            00000000 000000 000000 00      0   0  0
  [ 1] .text             PROGBITS        00000000 001000 0009d0 00  AX  0   0 1024
  [ 2] .rodata           PROGBITS        000009d0 002044 000000 00  WA  0   0  1
  [ 3] .data             PROGBITS        20000000 002000 000044 00  WA  0   0  4
  [ 4] .bss              NOBITS          20000044 002044 000400 00  WA  0   0  4
  [ 5] .comment          PROGBITS        00000000 002044 00003a 01  MS  0   0  1
  [ 6] .csky_stack_size  PROGBITS        00000000 002080 0002e4 00      0   0 16
  [ 7] .csky.attributes  CSKY_ATTRIBUTES 00000000 002364 000020 00      0   0  1
  [ 8] .debug_aranges    PROGBITS        00000000 002388 0000d8 00      0   0  8
  [ 9] .debug_info       PROGBITS        00000000 002460 004b9b 00      0   0  1
  [10] .debug_abbrev     PROGBITS        00000000 006ffb 0004d4 00      0   0  1
  [11] .debug_line       PROGBITS        00000000 0074cf 0011b4 00      0   0  1
  [12] .debug_frame      PROGBITS        00000000 008684 00059c 00      0   0  4
  [13] .debug_str        PROGBITS        00000000 008c20 000e39 01  MS  0   0  1
  [14] .debug_macinfo    PROGBITS        00000000 009a59 017a4a 00      0   0  1
  [15] .shstrtab         STRTAB          00000000 0222b3 0000bb 00      0   0  1
  [16] .symtab           SYMTAB          00000000 0214a4 0008a0 10     17  45  4
  [17] .strtab           STRTAB          00000000 021d44 00056f 00      0   0  1
Key to Flags:
  W (write), A (alloc), X (execute), M (merge), S (strings), I (info),
  L (link order), O (extra OS processing required), G (group), T (TLS),
  C (compressed), x (unknown), o (OS specific), E (exclude),
  p (processor specific)

Program Headers:
  Type           Offset   VirtAddr   PhysAddr   FileSiz MemSiz  Flg Align
  LOAD           0x001000 0x00000000 0x00000000 0x009d0 0x009d0 R E 0x1000
  LOAD           0x002000 0x20000000 0x000009d0 0x00044 0x00444 RW  0x1000

 Section to Segment mapping:
  Segment Sections...
   00     .text 
   01     .data .bss 
======================================================================
Csky GNU Linker

======================================================================

Section Cross References

	Obj/drv_startup.o(.text) refers to Obj/main.o(.text) for main
	Obj/drv_isr.o(.text) refers to Obj/drv_isr.o(.text) for isr_syscon_irqhandler
	Obj/drv_startup.o(.text) refers to Obj/drv_system.o(.text) for SystemInit


======================================================================

Removing Unused input sections from the image. 

	Removing .data(Obj/main.o), (0 bytes).
	Removing .bss(Obj/main.o), (0 bytes).
	Removing .text(Obj/drv_devices.o), (0 bytes).
	Removing .bss(Obj/drv_devices.o), (0 bytes).
	Removing .text(Obj/drv_dw_syscon.o), (4660 bytes).
	Removing .data(Obj/drv_dw_syscon.o), (0 bytes).
	Removing .bss(Obj/drv_dw_syscon.o), (1 bytes).
	Removing .debug_info(Obj/drv_dw_syscon.o), (8302 bytes).
	Removing .debug_abbrev(Obj/drv_dw_syscon.o), (528 bytes).
	Removing .debug_aranges(Obj/drv_dw_syscon.o), (32 bytes).
	Removing .debug_macinfo(Obj/drv_dw_syscon.o), (24758 bytes).
	Removing .debug_line(Obj/drv_dw_syscon.o), (1568 bytes).
	Removing .debug_str(Obj/drv_dw_syscon.o), (4005 bytes).
	Removing .comment(Obj/drv_dw_syscon.o), (59 bytes).
	Removing .debug_frame(Obj/drv_dw_syscon.o), (776 bytes).
	Removing .csky.attributes(Obj/drv_dw_syscon.o), (32 bytes).
	Removing COMMON(Obj/drv_dw_syscon.o), (12 bytes).
	Removing .data(Obj/drv_isr.o), (0 bytes).
	Removing .bss(Obj/drv_isr.o), (0 bytes).
	Removing .text(Obj/drv_lib.o), (320 bytes).
	Removing .data(Obj/drv_lib.o), (0 bytes).
	Removing .bss(Obj/drv_lib.o), (0 bytes).
	Removing .debug_info(Obj/drv_lib.o), (5933 bytes).
	Removing .debug_abbrev(Obj/drv_lib.o), (396 bytes).
	Removing .debug_aranges(Obj/drv_lib.o), (32 bytes).
	Removing .debug_macinfo(Obj/drv_lib.o), (25606 bytes).
	Removing .debug_line(Obj/drv_lib.o), (1229 bytes).
	Removing .debug_str(Obj/drv_lib.o), (2263 bytes).
	Removing .comment(Obj/drv_lib.o), (59 bytes).
	Removing .debug_frame(Obj/drv_lib.o), (132 bytes).
	Removing .csky.attributes(Obj/drv_lib.o), (32 bytes).
	Removing .data(Obj/drv_startup.o), (0 bytes).
	Removing .bss(Obj/drv_system.o), (0 bytes).
	Removing .data(Obj/drv_trap_c.o), (0 bytes).
	Removing .bss(Obj/drv_trap_c.o), (0 bytes).
	Removing .data(Obj/drv_vectors.o), (0 bytes).
	Removing .bss(Obj/drv_vectors.o), (0 bytes).
	Removing .text(Obj/drv_minilibc_port.o), (136 bytes).
	Removing .data(Obj/drv_minilibc_port.o), (0 bytes).
	Removing .bss(Obj/drv_minilibc_port.o), (4 bytes).
	Removing .debug_info(Obj/drv_minilibc_port.o), (439 bytes).
	Removing .debug_abbrev(Obj/drv_minilibc_port.o), (216 bytes).
	Removing .debug_aranges(Obj/drv_minilibc_port.o), (32 bytes).
	Removing .debug_macinfo(Obj/drv_minilibc_port.o), (16366 bytes).
	Removing .debug_line(Obj/drv_minilibc_port.o), (775 bytes).
	Removing .debug_str(Obj/drv_minilibc_port.o), (465 bytes).
	Removing .comment(Obj/drv_minilibc_port.o), (59 bytes).
	Removing .debug_frame(Obj/drv_minilibc_port.o), (128 bytes).
	Removing .csky.attributes(Obj/drv_minilibc_port.o), (32 bytes).
	Removing .text(Obj/__rt_entry.o), (240 bytes).
	Removing .data(Obj/__rt_entry.o), (0 bytes).
	Removing .bss(Obj/__rt_entry.o), (0 bytes).
	Removing .debug_line(Obj/__rt_entry.o), (189 bytes).
	Removing .debug_info(Obj/__rt_entry.o), (176 bytes).
	Removing .debug_abbrev(Obj/__rt_entry.o), (20 bytes).
	Removing .debug_aranges(Obj/__rt_entry.o), (32 bytes).
	Removing .csky.attributes(Obj/__rt_entry.o), (32 bytes).
	Removing .text(_udivsi3.o), (90 bytes).
	Removing .data(_udivsi3.o), (0 bytes).
	Removing .bss(_udivsi3.o), (0 bytes).
	Removing .debug_line(_udivsi3.o), (176 bytes).
	Removing .debug_info(_udivsi3.o), (244 bytes).
	Removing .debug_abbrev(_udivsi3.o), (20 bytes).
	Removing .debug_aranges(_udivsi3.o), (32 bytes).
	Removing .csky.attributes(_udivsi3.o), (32 bytes).

65 unused seciton(s) (total 100670 bytes) removed from the image.

======================================================================

Image Symbol Table 

	Local Symbols

	Symbol Name                        Value        Type   Size  Section
	Obj/drv_isr.o                      0x00000000     df        0  *ABS*
	Obj/drv_startup.o                  0x00000000     df        0  *ABS*
	Obj/drv_system.o                   0x00000000     df        0  *ABS*
	Obj/drv_trap_c.o                   0x00000000     df        0  *ABS*
	Obj/drv_vectors.o                  0x00000000     df        0  *ABS*
	Obj/main.o                         0x00000000     df        0  *ABS*
	$d                                 0x00000100               0  .text
	$t                                 0x00000100               0  .text
	$d                                 0x0000010c               0  .text
	$t                                 0x0000010c               0  .text
	$d                                 0x00000130               0  .text
	$t                                 0x00000134               0  .text
	$d                                 0x000006a0               0  .text
	$t                                 0x000006d4               0  .text
	$d                                 0x0000080c               0  .text
	$d                                 0x0000081c               0  .text
	$t                                 0x00000820               0  .text
	_start                             0x00000820               0  .text
	__exit                             0x00000872               0  .text
	$d                                 0x00000874               0  .text
	csi_coret_config                   0x00000894      F       96  .text
	$d                                 0x00000894               0  .text
	$t                                 0x00000894               0  .text
	$d                                 0x000008ec               0  .text
	$t                                 0x000008f4               0  .text
	$d                                 0x00000954               0  .text
	$d                                 0x00000964               0  .text
	$t                                 0x00000964               0  .text
	$t                                 0x00000978               0  .text
	$d                                 0x000009c2               0  .text

	Global Symbols

	Symbol Name                        Value        Type   Size  Section
	__Vectors                          0x00000000      O      256  .text
	main                               0x00000100      F       10  .text
	__stext                            0x00000100               0  .text
	ck_coret_irqhandler                0x0000010c    w F       40  .text
	isr_syscon_irqhandler              0x00000134    w F       36  .text
	isr_ifc_irqhandler                 0x00000158    w F       32  .text
	isr_adc_irqhandler                 0x00000178    w F       44  .text
	isr_tc0_0_irqhandler               0x000001a4    w F       32  .text
	isr_tc0_1_irqhandler               0x000001c4    w F       38  .text
	isr_tc0_2_irqhandler               0x000001ec    w F       38  .text
	isr_tc1_irqhandler                 0x00000214    w F       32  .text
	isr_tc2_irqhandler                 0x00000234    w F       32  .text
	isr_tc3_irqhandler                 0x00000254    w F       32  .text
	isr_led_irqhandler                 0x00000274    w F       32  .text
	isr_epwm_irqhandler                0x00000294    w F       36  .text
	isr_exi_irqhandler                 0x000002b8    w F       44  .text
	isr_usart_irqhandler               0x000002e4    w F       44  .text
	isr_uart_irqhandler                0x00000310    w F       44  .text
	isr_i2c_irqhandler                 0x0000033c    w F       54  .text
	isr_spi_irqhandler                 0x00000374    w F       44  .text
	isr_tkey_irqhandler                0x000003a0    w F       30  .text
	isr_comp0_irqhandler               0x000003c0    w F       30  .text
	isr_comp1_irqhandler               0x000003e0    w F       30  .text
	CORET_IRQHandler                   0x00000400      F       38  .text
	SYSCON_IRQHandler                  0x00000428      F       38  .text
	IFC_IRQHandler                     0x00000450      F       38  .text
	ADC_IRQHandler                     0x00000478      F       44  .text
	TC0_0_IRQHandler                   0x000004a4      F       38  .text
	TC0_1_IRQHandler                   0x000004cc      F       38  .text
	TC0_2_IRQHandler                   0x000004f4      F       38  .text
	TC1_IRQHandler                     0x0000051c      F       38  .text
	TC2_IRQHandler                     0x00000544      F       38  .text
	TC3_IRQHandler                     0x0000056c      F       38  .text
	LED_IRQHandler                     0x00000594      F       38  .text
	EPWM_IRQHandler                    0x000005bc      F       38  .text
	EXI0_IRQHandler                    0x000005e4      F       40  .text
	EXI1_IRQHandler                    0x0000060c      F       40  .text
	EXI2_IRQHandler                    0x00000634      F       40  .text
	EXI3_IRQHandler                    0x0000065c      F       40  .text
	EXI4_IRQHandler                    0x00000684      F       94  .text
	UART0_IRQHandler                   0x000006e4      F       44  .text
	UART1_IRQHandler                   0x00000710      F       44  .text
	I2C0_IRQHandler                    0x0000073c      F       44  .text
	SPI0_IRQHandler                    0x00000768      F       44  .text
	TKEY_IRQHandler                    0x00000794      F       38  .text
	CMP0_IRQHandler                    0x000007bc      F       38  .text
	CMP1_IRQHandler                    0x000007e4      F       56  .text
	Reset_Handler                      0x00000820      F       82  .text
	SystemCoreClockUpdate              0x000008f4      F       26  .text
	SystemInit                         0x00000910      F       84  .text
	trap_c                             0x00000964      F       20  .text
	trap                               0x00000978      F        0  .text
	Default_Handler                    0x000009c0    w F        2  .text
	SYSCON_IRQHandle                   0x000009c0    w F        2  .text
	__etext                            0x000009d0               0  .text
	__erodata                          0x000009d0               0  .rodata
	__srodata                          0x000009d0               0  .rodata
	H_SYSCON                           0x20000000      O        4  .data
	__data_start__                     0x20000000               0  .data
	__sdata                            0x20000000               0  .data
	data_start                         0x20000000               0  .data
	H_IFC                              0x20000004      O        4  .data
	H_TKEY                             0x20000008      O        4  .data
	H_ADC                              0x2000000c      O        4  .data
	H_TC0                              0x20000010      O        4  .data
	H_TC1                              0x20000014      O        4  .data
	H_TC2                              0x20000018      O        4  .data
	H_TC3                              0x2000001c      O        4  .data
	H_EPWM                             0x20000020      O        4  .data
	H_I2C                              0x20000024      O        4  .data
	H_SPI                              0x20000028      O        4  .data
	H_UART0                            0x2000002c      O        4  .data
	H_UART1                            0x20000030      O        4  .data
	H_LED                              0x20000034      O        4  .data
	H_CMP                              0x20000038      O        4  .data
	H_OPA                              0x2000003c      O        4  .data
	SystemCoreClock                    0x20000040      O        4  .data
	__data_end__                       0x20000044               0  .data
	__edata                            0x20000044               0  .data
	__start_cmd                        0x20000044               0  .data
	__start_init_call                  0x20000044               0  .data
	__stop_cmd                         0x20000044               0  .data
	__stop_init_call                   0x20000044               0  .data
	__bss_start__                      0x20000044               0  .bss
	__sbss                             0x20000044               0  .bss
	g_intstackalloc                    0x20000044               0  .bss
	g_intstackbase                     0x20000044               0  .bss
	__bss_end__                        0x20000444               0  .bss
	__ebss                             0x20000444               0  .bss
	__end                              0x20000444               0  .bss
	end                                0x20000444               0  .bss
	g_top_irqstack                     0x20000444               0  .bss
	__StackTop                         0x20001800               0  .text

	(w:Weak    d:Deubg    F:Function    f:File name    O:Zero)


======================================================================

Memory Map of the image

    Image Entry point : 0x00000820

    Region PEFL (Base: 0x00000000, Size: 0x000009d0, Max: 0x00010000)

    Base Addr    Size         Type   Attr      Idx   Section Name       Object
    0x00000100   0x0000000a   Code   RO         16  .text          	Obj/main.o
    0x0000010a   0x00000002   PAD
    0x0000010c   0x00000710   Code   RO         57  .text          	Obj/drv_isr.o
    0x0000081c   0x00000078   Code   RO         85  .text          	Obj/drv_startup.o
    0x00000894   0x000000d0   Code   RO         95  .text          	Obj/drv_system.o
    0x00000964   0x00000014   Code   RO        109  .text          	Obj/drv_trap_c.o
    0x00000978   0x00000050   Code   RO        123  .text          	Obj/drv_vectors.o
    0x000009c8   0x00000008   PAD

    Region DEFL (Base: 0x10000000, Size: 0x00000000, Max: 0x00001000)

    Region SRAM (Base: 0x20000000, Size: 0x00000444, Max: 0x00001800)

    Base Addr    Size         Type   Attr      Idx   Section Name       Object
    0x20000000   0x00000040   Data   RW         31  .data          	Obj/drv_devices.o
    0x20000040   0x00000004   Data   RW         96  .data          	Obj/drv_system.o
    0x20000044   0x00000400   Zero   RW         87  .bss           	Obj/drv_startup.o

    Region *default* (Base: 0x00000000, Size: 0x00000000, Max: 0xffffffff)


======================================================================

Image component sizes

       Code    RO Data    RW Data    ZI Data      Debug   Object Name

          0          0          0          0          0   linker stubs
         10          0          0          0       9794   Obj/main.o
          0          0         64          0      34004   Obj/drv_devices.o
          0          0          0          0          0   Obj/drv_dw_syscon.o
       1808          0          0          0      35426   Obj/drv_isr.o
          0          0          0          0          0   Obj/drv_lib.o
        120          0          0       1024        372   Obj/drv_startup.o
        208          0          4          0      33013   Obj/drv_system.o
         20          0          0          0      14290   Obj/drv_trap_c.o
         80          0          0          0        359   Obj/drv_vectors.o
          0          0          0          0          0   Obj/drv_minilibc_port.o
          0          0          0          0          0   Obj/__rt_entry.o
	------------------------------------------------------------
       2246          0         68       1024     127258   Object Totals
         10          0          0          0          0   Pad
          0          0          0          0          0   LD_GEN

	------------------------------------------------------------
    [Library Name]: f:/appl/c-sky/cdk/csky/mingw/csky-abiv2-elf-toolchain/bin/../lib/gcc/csky-elfabiv2/6.3.0/ck801\libgcc.a
	------------------------------------------------------------
       Code    RO Data    RW Data    ZI Data      Debug   Library Member Name

          0          0          0          0          0   _udivsi3.o
	------------------------------------------------------------
          0          0          0          0          0   Library Totals
          0          0          0          0          0   Pad
          0          0          0          0          0   LD_GEN

	------------------------------------------------------------

======================================================================


       Code    RO Data    RW Data    ZI Data      Debug
       2256          0         68       1024     127258   Grand Totals
       2256          0         68       1024     127258   Elf Image Totals
       2256          0         68          0          0   ROM Totals

======================================================================

Total	RO	Size (Code + RO Data)				2256 (  2.20kB)
Total	RW	Size (RW Data + ZI Data)			1092 (  1.07kB)
Total	ROM	Size (Code + RO Data + RW Data)		2324 (  2.27kB)

======================================================================
