ELF Header:
  Magic:   7f 45 4c 46 01 01 01 00 00 00 00 00 00 00 00 00 
  Class:                             ELF32
  Data:                              2's complement, little endian
  Version:                           1 (current)
  OS/ABI:                            UNIX - System V
  ABI Version:                       0
  Type:                              EXEC (Executable file)
  Machine:                           CSKY
  Version:                           0x1
  Entry point address:               0x2428
  Start of program headers:          52 (bytes into file)
  Start of section headers:          173700 (bytes into file)
  Flags:                             0x21000000
  Size of this header:               52 (bytes)
  Size of program headers:           32 (bytes)
  Number of program headers:         2
  Size of section headers:           40 (bytes)
  Number of section headers:         18
  Section header string table index: 15

Section Headers:
  [Nr] Name              Type            Addr     Off    Size   ES Flg Lk Inf Al
  [ 0]                   NULL            00000000 000000 000000 00      0   0  0
  [ 1] .text             PROGBITS        00000000 001000 002640 00  AX  0   0 1024
  [ 2] .rodata           PROGBITS        00002640 003640 000028 00   A  0   0  4
  [ 3] .data             PROGBITS        20000000 004000 00002c 00  WA  0   0  4
  [ 4] .bss              NOBITS          2000002c 00402c 00045c 00  WA  0   0  4
  [ 5] .comment          PROGBITS        00000000 00402c 00003b 01  MS  0   0  1
  [ 6] .csky_stack_size  PROGBITS        00000000 004070 00074c 00      0   0 16
  [ 7] .csky.attributes  CSKY_ATTRIBUTES 00000000 0047bc 000021 00      0   0  1
  [ 8] .debug_aranges    PROGBITS        00000000 0047e0 000120 00      0   0  8
  [ 9] .debug_info       PROGBITS        00000000 004900 00401f 00      0   0  1
  [10] .debug_abbrev     PROGBITS        00000000 00891f 000a6b 00      0   0  1
  [11] .debug_line       PROGBITS        00000000 00938a 0017bc 00      0   0  1
  [12] .debug_frame      PROGBITS        00000000 00ab48 000960 00      0   0  4
  [13] .debug_str        PROGBITS        00000000 00b4a8 001b4d 01  MS  0   0  1
  [14] .debug_macinfo    PROGBITS        00000000 00cff5 01c059 00      0   0  1
  [15] .shstrtab         STRTAB          00000000 02a5c8 0000bb 00      0   0  1
  [16] .symtab           SYMTAB          00000000 029050 000c10 10     17  70  4
  [17] .strtab           STRTAB          00000000 029c60 000968 00      0   0  1
Key to Flags:
  W (write), A (alloc), X (execute), M (merge), S (strings), I (info),
  L (link order), O (extra OS processing required), G (group), T (TLS),
  C (compressed), x (unknown), o (OS specific), E (exclude),
  p (processor specific)

Program Headers:
  Type           Offset   VirtAddr   PhysAddr   FileSiz MemSiz  Flg Align
  LOAD           0x001000 0x00000000 0x00000000 0x02668 0x02668 R E 0x1000
  LOAD           0x004000 0x20000000 0x00002668 0x0002c 0x00488 RW  0x1000

 Section to Segment mapping:
  Segment Sections...
   00     .text .rodata 
   01     .data .bss 
======================================================================
Csky GNU Linker

======================================================================

Section Cross References

	Obj/drv_startup.o(.text) refers to Obj/main.o(.text) for main
	Obj/main.o(.text) refers to Obj/drv_dw_gpio.o(.text) for csi_gpio_initialize
	Obj/main.o(.text) refers to Obj/drv_dw_gpio.o(.text) for csi_gpio_pin_func_config
	Obj/drv_system.o(.text) refers to Obj/drv_dw_syscon.o(.text) for csi_syscon_systemclock_config
	Obj/main.o(.text) refers to Obj/drv_dw_syscon.o(.text) for csi_syscon_set_solo_pclk_switch
	Obj/main.o(.text) refers to Obj/drv_dw_syscon.o(.text) for csi_syscon_set_all_pclk_switch
	Obj/drv_system.o(.text) refers to Obj/drv_dw_syscon.o(.text) for csi_syscon_iwdt_set_switch
	Obj/main.o(.text) refers to Obj/drv_dw_syscon.o(.text) for csi_syscon_clo_config
	Obj/drv_startup.o(.text) refers to Obj/drv_system.o(.text) for SystemInit
	Obj/drv_dw_syscon.o(.text) refers to _udivsi3.o(.text) for __udivsi3
	Obj/drv_system.o(.text) refers to _udivsi3.o(.text) for __udivsi3


======================================================================

Removing Unused input sections from the image. 

	Removing .data(Obj/main.o), (0 bytes).
	Removing .bss(Obj/main.o), (0 bytes).
	Removing .text(Obj/drv_devices.o), (0 bytes).
	Removing .data(Obj/drv_devices.o), (0 bytes).
	Removing .bss(Obj/drv_devices.o), (0 bytes).
	Removing .debug_info(Obj/drv_devices.o), (253 bytes).
	Removing .debug_abbrev(Obj/drv_devices.o), (151 bytes).
	Removing .debug_aranges(Obj/drv_devices.o), (24 bytes).
	Removing .debug_macinfo(Obj/drv_devices.o), (18804 bytes).
	Removing .debug_line(Obj/drv_devices.o), (721 bytes).
	Removing .debug_str(Obj/drv_devices.o), (373 bytes).
	Removing .comment(Obj/drv_devices.o), (60 bytes).
	Removing .csky.attributes(Obj/drv_devices.o), (31 bytes).
	Removing .text(Obj/drv_dw_ifc.o), (2176 bytes).
	Removing .data(Obj/drv_dw_ifc.o), (4 bytes).
	Removing .bss(Obj/drv_dw_ifc.o), (0 bytes).
	Removing .debug_info(Obj/drv_dw_ifc.o), (2961 bytes).
	Removing .debug_abbrev(Obj/drv_dw_ifc.o), (633 bytes).
	Removing .debug_aranges(Obj/drv_dw_ifc.o), (32 bytes).
	Removing .debug_macinfo(Obj/drv_dw_ifc.o), (22766 bytes).
	Removing .debug_line(Obj/drv_dw_ifc.o), (1158 bytes).
	Removing .debug_str(Obj/drv_dw_ifc.o), (2438 bytes).
	Removing .comment(Obj/drv_dw_ifc.o), (60 bytes).
	Removing .debug_frame(Obj/drv_dw_ifc.o), (380 bytes).
	Removing .csky.attributes(Obj/drv_dw_ifc.o), (31 bytes).
	Removing COMMON(Obj/drv_dw_ifc.o), (4 bytes).
	Removing .data(Obj/drv_isr.o), (0 bytes).
	Removing .bss(Obj/drv_isr.o), (0 bytes).
	Removing .text(Obj/drv_lib.o), (276 bytes).
	Removing .data(Obj/drv_lib.o), (0 bytes).
	Removing .bss(Obj/drv_lib.o), (0 bytes).
	Removing .debug_info(Obj/drv_lib.o), (601 bytes).
	Removing .debug_abbrev(Obj/drv_lib.o), (364 bytes).
	Removing .debug_aranges(Obj/drv_lib.o), (32 bytes).
	Removing .debug_macinfo(Obj/drv_lib.o), (20094 bytes).
	Removing .debug_line(Obj/drv_lib.o), (889 bytes).
	Removing .debug_str(Obj/drv_lib.o), (499 bytes).
	Removing .comment(Obj/drv_lib.o), (60 bytes).
	Removing .debug_frame(Obj/drv_lib.o), (76 bytes).
	Removing .csky.attributes(Obj/drv_lib.o), (31 bytes).
	Removing .text(Obj/drv_minilibc_port.o), (136 bytes).
	Removing .data(Obj/drv_minilibc_port.o), (0 bytes).
	Removing .bss(Obj/drv_minilibc_port.o), (0 bytes).
	Removing .debug_info(Obj/drv_minilibc_port.o), (304 bytes).
	Removing .debug_abbrev(Obj/drv_minilibc_port.o), (168 bytes).
	Removing .debug_aranges(Obj/drv_minilibc_port.o), (32 bytes).
	Removing .debug_macinfo(Obj/drv_minilibc_port.o), (11426 bytes).
	Removing .debug_line(Obj/drv_minilibc_port.o), (541 bytes).
	Removing .debug_str(Obj/drv_minilibc_port.o), (235 bytes).
	Removing .comment(Obj/drv_minilibc_port.o), (60 bytes).
	Removing .debug_frame(Obj/drv_minilibc_port.o), (128 bytes).
	Removing .csky.attributes(Obj/drv_minilibc_port.o), (31 bytes).
	Removing .data(Obj/drv_startup.o), (0 bytes).
	Removing .bss(Obj/drv_system.o), (0 bytes).
	Removing .data(Obj/drv_trap_c.o), (0 bytes).
	Removing .bss(Obj/drv_trap_c.o), (0 bytes).
	Removing .data(Obj/drv_vectors.o), (0 bytes).
	Removing .bss(Obj/drv_vectors.o), (0 bytes).
	Removing .text(Obj/libc_malloc.o), (440 bytes).
	Removing .data(Obj/libc_malloc.o), (0 bytes).
	Removing .bss(Obj/libc_malloc.o), (0 bytes).
	Removing .debug_info(Obj/libc_malloc.o), (647 bytes).
	Removing .debug_abbrev(Obj/libc_malloc.o), (310 bytes).
	Removing .debug_aranges(Obj/libc_malloc.o), (32 bytes).
	Removing .debug_macinfo(Obj/libc_malloc.o), (14363 bytes).
	Removing .debug_line(Obj/libc_malloc.o), (771 bytes).
	Removing .debug_str(Obj/libc_malloc.o), (460 bytes).
	Removing .comment(Obj/libc_malloc.o), (60 bytes).
	Removing .debug_frame(Obj/libc_malloc.o), (140 bytes).
	Removing .csky.attributes(Obj/libc_malloc.o), (31 bytes).
	Removing .text(Obj/mm_dq_addlast.o), (160 bytes).
	Removing .data(Obj/mm_dq_addlast.o), (0 bytes).
	Removing .bss(Obj/mm_dq_addlast.o), (0 bytes).
	Removing .debug_info(Obj/mm_dq_addlast.o), (211 bytes).
	Removing .debug_abbrev(Obj/mm_dq_addlast.o), (121 bytes).
	Removing .debug_aranges(Obj/mm_dq_addlast.o), (32 bytes).
	Removing .debug_macinfo(Obj/mm_dq_addlast.o), (10301 bytes).
	Removing .debug_line(Obj/mm_dq_addlast.o), (511 bytes).
	Removing .debug_str(Obj/mm_dq_addlast.o), (207 bytes).
	Removing .comment(Obj/mm_dq_addlast.o), (60 bytes).
	Removing .debug_frame(Obj/mm_dq_addlast.o), (44 bytes).
	Removing .csky.attributes(Obj/mm_dq_addlast.o), (31 bytes).
	Removing .text(Obj/mm_dq_rem.o), (198 bytes).
	Removing .data(Obj/mm_dq_rem.o), (0 bytes).
	Removing .bss(Obj/mm_dq_rem.o), (0 bytes).
	Removing .debug_info(Obj/mm_dq_rem.o), (239 bytes).
	Removing .debug_abbrev(Obj/mm_dq_rem.o), (136 bytes).
	Removing .debug_aranges(Obj/mm_dq_rem.o), (32 bytes).
	Removing .debug_macinfo(Obj/mm_dq_rem.o), (10301 bytes).
	Removing .debug_line(Obj/mm_dq_rem.o), (509 bytes).
	Removing .debug_str(Obj/mm_dq_rem.o), (209 bytes).
	Removing .comment(Obj/mm_dq_rem.o), (60 bytes).
	Removing .debug_frame(Obj/mm_dq_rem.o), (44 bytes).
	Removing .csky.attributes(Obj/mm_dq_rem.o), (31 bytes).
	Removing .text(Obj/mm_lib_mallinfo.o), (156 bytes).
	Removing .data(Obj/mm_lib_mallinfo.o), (0 bytes).
	Removing .bss(Obj/mm_lib_mallinfo.o), (0 bytes).
	Removing .debug_info(Obj/mm_lib_mallinfo.o), (667 bytes).
	Removing .debug_abbrev(Obj/mm_lib_mallinfo.o), (260 bytes).
	Removing .debug_aranges(Obj/mm_lib_mallinfo.o), (32 bytes).
	Removing .debug_macinfo(Obj/mm_lib_mallinfo.o), (14880 bytes).
	Removing .debug_line(Obj/mm_lib_mallinfo.o), (771 bytes).
	Removing .debug_str(Obj/mm_lib_mallinfo.o), (561 bytes).
	Removing .comment(Obj/mm_lib_mallinfo.o), (60 bytes).
	Removing .debug_frame(Obj/mm_lib_mallinfo.o), (48 bytes).
	Removing .csky.attributes(Obj/mm_lib_mallinfo.o), (31 bytes).
	Removing .text(Obj/mm_mm_addfreechunk.o), (308 bytes).
	Removing .data(Obj/mm_mm_addfreechunk.o), (0 bytes).
	Removing .bss(Obj/mm_mm_addfreechunk.o), (0 bytes).
	Removing .debug_info(Obj/mm_mm_addfreechunk.o), (517 bytes).
	Removing .debug_abbrev(Obj/mm_mm_addfreechunk.o), (247 bytes).
	Removing .debug_aranges(Obj/mm_mm_addfreechunk.o), (32 bytes).
	Removing .debug_macinfo(Obj/mm_mm_addfreechunk.o), (14232 bytes).
	Removing .debug_line(Obj/mm_mm_addfreechunk.o), (733 bytes).
	Removing .debug_str(Obj/mm_mm_addfreechunk.o), (462 bytes).
	Removing .comment(Obj/mm_mm_addfreechunk.o), (60 bytes).
	Removing .debug_frame(Obj/mm_mm_addfreechunk.o), (48 bytes).
	Removing .csky.attributes(Obj/mm_mm_addfreechunk.o), (31 bytes).
	Removing .text(Obj/mm_mm_free.o), (530 bytes).
	Removing .data(Obj/mm_mm_free.o), (0 bytes).
	Removing .bss(Obj/mm_mm_free.o), (0 bytes).
	Removing .debug_info(Obj/mm_mm_free.o), (630 bytes).
	Removing .debug_abbrev(Obj/mm_mm_free.o), (282 bytes).
	Removing .debug_aranges(Obj/mm_mm_free.o), (32 bytes).
	Removing .debug_macinfo(Obj/mm_mm_free.o), (17235 bytes).
	Removing .debug_line(Obj/mm_mm_free.o), (818 bytes).
	Removing .debug_str(Obj/mm_mm_free.o), (507 bytes).
	Removing .comment(Obj/mm_mm_free.o), (60 bytes).
	Removing .debug_frame(Obj/mm_mm_free.o), (44 bytes).
	Removing .csky.attributes(Obj/mm_mm_free.o), (31 bytes).
	Removing .text(Obj/mm_mm_initialize.o), (648 bytes).
	Removing .data(Obj/mm_mm_initialize.o), (0 bytes).
	Removing .bss(Obj/mm_mm_initialize.o), (24576 bytes).
	Removing .debug_info(Obj/mm_mm_initialize.o), (682 bytes).
	Removing .debug_abbrev(Obj/mm_mm_initialize.o), (311 bytes).
	Removing .debug_aranges(Obj/mm_mm_initialize.o), (32 bytes).
	Removing .debug_macinfo(Obj/mm_mm_initialize.o), (14766 bytes).
	Removing .debug_line(Obj/mm_mm_initialize.o), (798 bytes).
	Removing .debug_str(Obj/mm_mm_initialize.o), (540 bytes).
	Removing .comment(Obj/mm_mm_initialize.o), (60 bytes).
	Removing .debug_frame(Obj/mm_mm_initialize.o), (100 bytes).
	Removing .csky.attributes(Obj/mm_mm_initialize.o), (31 bytes).
	Removing COMMON(Obj/mm_mm_initialize.o), (328 bytes).
	Removing .text(Obj/mm_mm_leak.o), (3252 bytes).
	Removing .data(Obj/mm_mm_leak.o), (4 bytes).
	Removing .bss(Obj/mm_mm_leak.o), (268 bytes).
	Removing .rodata(Obj/mm_mm_leak.o), (433 bytes).
	Removing .debug_info(Obj/mm_mm_leak.o), (2359 bytes).
	Removing .debug_abbrev(Obj/mm_mm_leak.o), (612 bytes).
	Removing .debug_aranges(Obj/mm_mm_leak.o), (32 bytes).
	Removing .debug_ranges(Obj/mm_mm_leak.o), (24 bytes).
	Removing .debug_macinfo(Obj/mm_mm_leak.o), (15155 bytes).
	Removing .debug_line(Obj/mm_mm_leak.o), (1041 bytes).
	Removing .debug_str(Obj/mm_mm_leak.o), (1240 bytes).
	Removing .comment(Obj/mm_mm_leak.o), (60 bytes).
	Removing .debug_frame(Obj/mm_mm_leak.o), (712 bytes).
	Removing .csky.attributes(Obj/mm_mm_leak.o), (31 bytes).
	Removing .text(Obj/mm_mm_mallinfo.o), (560 bytes).
	Removing .data(Obj/mm_mm_mallinfo.o), (4 bytes).
	Removing .bss(Obj/mm_mm_mallinfo.o), (4 bytes).
	Removing .rodata(Obj/mm_mm_mallinfo.o), (36 bytes).
	Removing .debug_info(Obj/mm_mm_mallinfo.o), (803 bytes).
	Removing .debug_abbrev(Obj/mm_mm_mallinfo.o), (283 bytes).
	Removing .debug_aranges(Obj/mm_mm_mallinfo.o), (32 bytes).
	Removing .debug_macinfo(Obj/mm_mm_mallinfo.o), (15024 bytes).
	Removing .debug_line(Obj/mm_mm_mallinfo.o), (803 bytes).
	Removing .debug_str(Obj/mm_mm_mallinfo.o), (612 bytes).
	Removing .comment(Obj/mm_mm_mallinfo.o), (60 bytes).
	Removing .debug_frame(Obj/mm_mm_mallinfo.o), (100 bytes).
	Removing .csky.attributes(Obj/mm_mm_mallinfo.o), (31 bytes).
	Removing .text(Obj/mm_mm_malloc.o), (612 bytes).
	Removing .data(Obj/mm_mm_malloc.o), (0 bytes).
	Removing .bss(Obj/mm_mm_malloc.o), (0 bytes).
	Removing .rodata(Obj/mm_mm_malloc.o), (28 bytes).
	Removing .debug_info(Obj/mm_mm_malloc.o), (649 bytes).
	Removing .debug_abbrev(Obj/mm_mm_malloc.o), (284 bytes).
	Removing .debug_aranges(Obj/mm_mm_malloc.o), (32 bytes).
	Removing .debug_macinfo(Obj/mm_mm_malloc.o), (15264 bytes).
	Removing .debug_line(Obj/mm_mm_malloc.o), (803 bytes).
	Removing .debug_str(Obj/mm_mm_malloc.o), (510 bytes).
	Removing .comment(Obj/mm_mm_malloc.o), (60 bytes).
	Removing .debug_frame(Obj/mm_mm_malloc.o), (48 bytes).
	Removing .csky.attributes(Obj/mm_mm_malloc.o), (31 bytes).
	Removing .text(Obj/mm_mm_size2ndx.o), (140 bytes).
	Removing .data(Obj/mm_mm_size2ndx.o), (0 bytes).
	Removing .bss(Obj/mm_mm_size2ndx.o), (0 bytes).
	Removing .debug_info(Obj/mm_mm_size2ndx.o), (469 bytes).
	Removing .debug_abbrev(Obj/mm_mm_size2ndx.o), (232 bytes).
	Removing .debug_aranges(Obj/mm_mm_size2ndx.o), (32 bytes).
	Removing .debug_macinfo(Obj/mm_mm_size2ndx.o), (14232 bytes).
	Removing .debug_line(Obj/mm_mm_size2ndx.o), (723 bytes).
	Removing .debug_str(Obj/mm_mm_size2ndx.o), (434 bytes).
	Removing .comment(Obj/mm_mm_size2ndx.o), (60 bytes).
	Removing .debug_frame(Obj/mm_mm_size2ndx.o), (44 bytes).
	Removing .csky.attributes(Obj/mm_mm_size2ndx.o), (31 bytes).
	Removing .text(Obj/__rt_entry.o), (240 bytes).
	Removing .data(Obj/__rt_entry.o), (0 bytes).
	Removing .bss(Obj/__rt_entry.o), (0 bytes).
	Removing .debug_line(Obj/__rt_entry.o), (197 bytes).
	Removing .debug_info(Obj/__rt_entry.o), (192 bytes).
	Removing .debug_abbrev(Obj/__rt_entry.o), (20 bytes).
	Removing .debug_aranges(Obj/__rt_entry.o), (32 bytes).
	Removing .csky.attributes(Obj/__rt_entry.o), (31 bytes).
	Removing .data(_udivsi3.o), (0 bytes).
	Removing .bss(_udivsi3.o), (0 bytes).
	Removing .text(printf.o), (34 bytes).
	Removing .data(printf.o), (0 bytes).
	Removing .bss(printf.o), (0 bytes).
	Removing .comment(printf.o), (60 bytes).
	Removing .csky.attributes(printf.o), (32 bytes).
	Removing .text(vprintf.o), (84 bytes).
	Removing .data(vprintf.o), (0 bytes).
	Removing .bss(vprintf.o), (0 bytes).
	Removing .comment(vprintf.o), (60 bytes).
	Removing .csky.attributes(vprintf.o), (32 bytes).
	Removing .text(__v_printf.o), (1908 bytes).
	Removing .data(__v_printf.o), (0 bytes).
	Removing .bss(__v_printf.o), (0 bytes).
	Removing .rodata(__v_printf.o), (32 bytes).
	Removing .rodata.str1.1(__v_printf.o), (7 bytes).
	Removing .comment(__v_printf.o), (60 bytes).
	Removing .csky.attributes(__v_printf.o), (34 bytes).
	Removing .text(__dtostr.o), (864 bytes).
	Removing .data(__dtostr.o), (0 bytes).
	Removing .bss(__dtostr.o), (0 bytes).
	Removing .rodata.str1.1(__dtostr.o), (8 bytes).
	Removing .comment(__dtostr.o), (60 bytes).
	Removing .csky.attributes(__dtostr.o), (34 bytes).
	Removing .text(__ltostr.o), (144 bytes).
	Removing .data(__ltostr.o), (0 bytes).
	Removing .bss(__ltostr.o), (0 bytes).
	Removing .comment(__ltostr.o), (60 bytes).
	Removing .csky.attributes(__ltostr.o), (32 bytes).
	Removing .text(puts.o), (24 bytes).
	Removing .data(puts.o), (0 bytes).
	Removing .bss(puts.o), (0 bytes).
	Removing .comment(puts.o), (60 bytes).
	Removing .csky.attributes(puts.o), (32 bytes).
	Removing .text(__isnan.o), (48 bytes).
	Removing .data(__isnan.o), (0 bytes).
	Removing .bss(__isnan.o), (0 bytes).
	Removing .comment(__isnan.o), (60 bytes).
	Removing .csky.attributes(__isnan.o), (34 bytes).
	Removing .text(__lltostr.o), (176 bytes).
	Removing .data(__lltostr.o), (0 bytes).
	Removing .bss(__lltostr.o), (0 bytes).
	Removing .comment(__lltostr.o), (60 bytes).
	Removing .csky.attributes(__lltostr.o), (32 bytes).
	Removing .text(stdinit.o), (0 bytes).
	Removing .data(stdinit.o), (96 bytes).
	Removing .bss(stdinit.o), (0 bytes).
	Removing .comment(stdinit.o), (60 bytes).
	Removing .csky.attributes(stdinit.o), (32 bytes).
	Removing .text(fputs.o), (72 bytes).
	Removing .data(fputs.o), (0 bytes).
	Removing .bss(fputs.o), (0 bytes).
	Removing .comment(fputs.o), (60 bytes).
	Removing .csky.attributes(fputs.o), (32 bytes).
	Removing .text(_strtol.o), (296 bytes).
	Removing .data(_strtol.o), (0 bytes).
	Removing .bss(_strtol.o), (0 bytes).
	Removing .comment(_strtol.o), (60 bytes).
	Removing .csky.attributes(_strtol.o), (32 bytes).
	Removing .text(_strtoul.o), (268 bytes).
	Removing .data(_strtoul.o), (0 bytes).
	Removing .bss(_strtoul.o), (0 bytes).
	Removing .comment(_strtoul.o), (60 bytes).
	Removing .csky.attributes(_strtoul.o), (32 bytes).
	Removing .text(memset_fast.o), (136 bytes).
	Removing .data(memset_fast.o), (0 bytes).
	Removing .bss(memset_fast.o), (0 bytes).
	Removing .csky.attributes(memset_fast.o), (32 bytes).
	Removing .text(strlen_fast.o), (82 bytes).
	Removing .data(strlen_fast.o), (0 bytes).
	Removing .bss(strlen_fast.o), (0 bytes).
	Removing .csky.attributes(strlen_fast.o), (32 bytes).
	Removing .text(memmove_fast.o), (148 bytes).
	Removing .data(memmove_fast.o), (0 bytes).
	Removing .bss(memmove_fast.o), (0 bytes).
	Removing .csky.attributes(memmove_fast.o), (32 bytes).
	Removing .text(strcpy_fast.o), (176 bytes).
	Removing .data(strcpy_fast.o), (0 bytes).
	Removing .bss(strcpy_fast.o), (0 bytes).
	Removing .csky.attributes(strcpy_fast.o), (32 bytes).
	Removing .text(memcpy_fast.o), (100 bytes).
	Removing .data(memcpy_fast.o), (0 bytes).
	Removing .bss(memcpy_fast.o), (0 bytes).
	Removing .csky.attributes(memcpy_fast.o), (32 bytes).
	Removing .text(strchr.o), (18 bytes).
	Removing .data(strchr.o), (0 bytes).
	Removing .bss(strchr.o), (0 bytes).
	Removing .csky.attributes(strchr.o), (32 bytes).
	Removing .text(strerror.o), (28 bytes).
	Removing .data(strerror.o), (0 bytes).
	Removing .bss(strerror.o), (0 bytes).
	Removing .rodata(strerror.o), (576 bytes).
	Removing .rodata.str1.1(strerror.o), (1928 bytes).
	Removing .comment(strerror.o), (60 bytes).
	Removing .csky.attributes(strerror.o), (32 bytes).
	Removing .text(isspace.o), (20 bytes).
	Removing .data(isspace.o), (0 bytes).
	Removing .bss(isspace.o), (0 bytes).
	Removing .csky.attributes(isspace.o), (32 bytes).
	Removing .text(minilibc_init.o), (60 bytes).
	Removing .data(minilibc_init.o), (0 bytes).
	Removing .bss(minilibc_init.o), (0 bytes).
	Removing .comment(minilibc_init.o), (60 bytes).
	Removing .csky.attributes(minilibc_init.o), (32 bytes).
	Removing COMMON(minilibc_init.o), (8 bytes).
	Removing .text(critical.o), (16 bytes).
	Removing .data(critical.o), (0 bytes).
	Removing .bss(critical.o), (0 bytes).
	Removing .comment(critical.o), (60 bytes).
	Removing .csky.attributes(critical.o), (32 bytes).
	Removing .text(__isinf.o), (48 bytes).
	Removing .data(__isinf.o), (0 bytes).
	Removing .bss(__isinf.o), (0 bytes).
	Removing .comment(__isinf.o), (60 bytes).
	Removing .csky.attributes(__isinf.o), (34 bytes).
	Removing .text(_divsi3.o), (124 bytes).
	Removing .data(_divsi3.o), (0 bytes).
	Removing .bss(_divsi3.o), (0 bytes).
	Removing .debug_line(_divsi3.o), (186 bytes).
	Removing .debug_info(_divsi3.o), (244 bytes).
	Removing .debug_abbrev(_divsi3.o), (20 bytes).
	Removing .debug_aranges(_divsi3.o), (32 bytes).
	Removing .csky.attributes(_divsi3.o), (32 bytes).
	Removing .text(_modsi3.o), (86 bytes).
	Removing .data(_modsi3.o), (0 bytes).
	Removing .bss(_modsi3.o), (0 bytes).
	Removing .debug_line(_modsi3.o), (172 bytes).
	Removing .debug_info(_modsi3.o), (244 bytes).
	Removing .debug_abbrev(_modsi3.o), (20 bytes).
	Removing .debug_aranges(_modsi3.o), (32 bytes).
	Removing .csky.attributes(_modsi3.o), (32 bytes).
	Removing .text(_umodsi3.o), (56 bytes).
	Removing .data(_umodsi3.o), (0 bytes).
	Removing .bss(_umodsi3.o), (0 bytes).
	Removing .debug_line(_umodsi3.o), (164 bytes).
	Removing .debug_info(_umodsi3.o), (244 bytes).
	Removing .debug_abbrev(_umodsi3.o), (20 bytes).
	Removing .debug_aranges(_umodsi3.o), (32 bytes).
	Removing .csky.attributes(_umodsi3.o), (32 bytes).
	Removing .text(_udivdi3.o), (940 bytes).
	Removing .data(_udivdi3.o), (0 bytes).
	Removing .bss(_udivdi3.o), (0 bytes).
	Removing .debug_info(_udivdi3.o), (2323 bytes).
	Removing .debug_abbrev(_udivdi3.o), (451 bytes).
	Removing .debug_loc(_udivdi3.o), (3841 bytes).
	Removing .debug_aranges(_udivdi3.o), (32 bytes).
	Removing .debug_ranges(_udivdi3.o), (368 bytes).
	Removing .debug_line(_udivdi3.o), (569 bytes).
	Removing .debug_str(_udivdi3.o), (1294 bytes).
	Removing .comment(_udivdi3.o), (60 bytes).
	Removing .debug_frame(_udivdi3.o), (76 bytes).
	Removing .csky.attributes(_udivdi3.o), (32 bytes).
	Removing .text(_umoddi3.o), (928 bytes).
	Removing .data(_umoddi3.o), (0 bytes).
	Removing .bss(_umoddi3.o), (0 bytes).
	Removing .debug_info(_umoddi3.o), (2398 bytes).
	Removing .debug_abbrev(_umoddi3.o), (495 bytes).
	Removing .debug_loc(_umoddi3.o), (3903 bytes).
	Removing .debug_aranges(_umoddi3.o), (32 bytes).
	Removing .debug_ranges(_umoddi3.o), (384 bytes).
	Removing .debug_line(_umoddi3.o), (589 bytes).
	Removing .debug_str(_umoddi3.o), (1294 bytes).
	Removing .comment(_umoddi3.o), (60 bytes).
	Removing .debug_frame(_umoddi3.o), (76 bytes).
	Removing .csky.attributes(_umoddi3.o), (32 bytes).
	Removing .text(_addsub_df.o), (826 bytes).
	Removing .data(_addsub_df.o), (0 bytes).
	Removing .bss(_addsub_df.o), (0 bytes).
	Removing .debug_info(_addsub_df.o), (1485 bytes).
	Removing .debug_abbrev(_addsub_df.o), (487 bytes).
	Removing .debug_loc(_addsub_df.o), (1110 bytes).
	Removing .debug_aranges(_addsub_df.o), (32 bytes).
	Removing .debug_ranges(_addsub_df.o), (56 bytes).
	Removing .debug_line(_addsub_df.o), (455 bytes).
	Removing .debug_str(_addsub_df.o), (1334 bytes).
	Removing .comment(_addsub_df.o), (60 bytes).
	Removing .debug_frame(_addsub_df.o), (124 bytes).
	Removing .csky.attributes(_addsub_df.o), (34 bytes).
	Removing .text(_mul_df.o), (564 bytes).
	Removing .data(_mul_df.o), (0 bytes).
	Removing .bss(_mul_df.o), (0 bytes).
	Removing .debug_info(_mul_df.o), (1484 bytes).
	Removing .debug_abbrev(_mul_df.o), (520 bytes).
	Removing .debug_loc(_mul_df.o), (785 bytes).
	Removing .debug_aranges(_mul_df.o), (32 bytes).
	Removing .debug_ranges(_mul_df.o), (64 bytes).
	Removing .debug_line(_mul_df.o), (442 bytes).
	Removing .debug_str(_mul_df.o), (1288 bytes).
	Removing .comment(_mul_df.o), (60 bytes).
	Removing .debug_frame(_mul_df.o), (68 bytes).
	Removing .csky.attributes(_mul_df.o), (34 bytes).
	Removing .text(_div_df.o), (340 bytes).
	Removing .data(_div_df.o), (0 bytes).
	Removing .bss(_div_df.o), (0 bytes).
	Removing .debug_info(_div_df.o), (1270 bytes).
	Removing .debug_abbrev(_div_df.o), (510 bytes).
	Removing .debug_loc(_div_df.o), (377 bytes).
	Removing .debug_aranges(_div_df.o), (32 bytes).
	Removing .debug_ranges(_div_df.o), (32 bytes).
	Removing .debug_line(_div_df.o), (386 bytes).
	Removing .debug_str(_div_df.o), (1272 bytes).
	Removing .comment(_div_df.o), (60 bytes).
	Removing .debug_frame(_div_df.o), (56 bytes).
	Removing .csky.attributes(_div_df.o), (34 bytes).
	Removing .text(_eq_df.o), (58 bytes).
	Removing .data(_eq_df.o), (0 bytes).
	Removing .bss(_eq_df.o), (0 bytes).
	Removing .debug_info(_eq_df.o), (1030 bytes).
	Removing .debug_abbrev(_eq_df.o), (395 bytes).
	Removing .debug_loc(_eq_df.o), (48 bytes).
	Removing .debug_aranges(_eq_df.o), (32 bytes).
	Removing .debug_line(_eq_df.o), (315 bytes).
	Removing .debug_str(_eq_df.o), (1214 bytes).
	Removing .comment(_eq_df.o), (60 bytes).
	Removing .debug_frame(_eq_df.o), (52 bytes).
	Removing .csky.attributes(_eq_df.o), (34 bytes).
	Removing .text(_gt_df.o), (60 bytes).
	Removing .data(_gt_df.o), (0 bytes).
	Removing .bss(_gt_df.o), (0 bytes).
	Removing .debug_info(_gt_df.o), (1030 bytes).
	Removing .debug_abbrev(_gt_df.o), (395 bytes).
	Removing .debug_loc(_gt_df.o), (48 bytes).
	Removing .debug_aranges(_gt_df.o), (32 bytes).
	Removing .debug_line(_gt_df.o), (315 bytes).
	Removing .debug_str(_gt_df.o), (1214 bytes).
	Removing .comment(_gt_df.o), (60 bytes).
	Removing .debug_frame(_gt_df.o), (52 bytes).
	Removing .csky.attributes(_gt_df.o), (34 bytes).
	Removing .text(_ge_df.o), (60 bytes).
	Removing .data(_ge_df.o), (0 bytes).
	Removing .bss(_ge_df.o), (0 bytes).
	Removing .debug_info(_ge_df.o), (1030 bytes).
	Removing .debug_abbrev(_ge_df.o), (395 bytes).
	Removing .debug_loc(_ge_df.o), (48 bytes).
	Removing .debug_aranges(_ge_df.o), (32 bytes).
	Removing .debug_line(_ge_df.o), (315 bytes).
	Removing .debug_str(_ge_df.o), (1214 bytes).
	Removing .comment(_ge_df.o), (60 bytes).
	Removing .debug_frame(_ge_df.o), (52 bytes).
	Removing .csky.attributes(_ge_df.o), (34 bytes).
	Removing .text(_lt_df.o), (58 bytes).
	Removing .data(_lt_df.o), (0 bytes).
	Removing .bss(_lt_df.o), (0 bytes).
	Removing .debug_info(_lt_df.o), (1030 bytes).
	Removing .debug_abbrev(_lt_df.o), (395 bytes).
	Removing .debug_loc(_lt_df.o), (48 bytes).
	Removing .debug_aranges(_lt_df.o), (32 bytes).
	Removing .debug_line(_lt_df.o), (315 bytes).
	Removing .debug_str(_lt_df.o), (1214 bytes).
	Removing .comment(_lt_df.o), (60 bytes).
	Removing .debug_frame(_lt_df.o), (52 bytes).
	Removing .csky.attributes(_lt_df.o), (34 bytes).
	Removing .text(_si_to_df.o), (112 bytes).
	Removing .data(_si_to_df.o), (0 bytes).
	Removing .bss(_si_to_df.o), (0 bytes).
	Removing .debug_info(_si_to_df.o), (927 bytes).
	Removing .debug_abbrev(_si_to_df.o), (414 bytes).
	Removing .debug_loc(_si_to_df.o), (131 bytes).
	Removing .debug_aranges(_si_to_df.o), (32 bytes).
	Removing .debug_line(_si_to_df.o), (337 bytes).
	Removing .debug_str(_si_to_df.o), (1190 bytes).
	Removing .comment(_si_to_df.o), (60 bytes).
	Removing .debug_frame(_si_to_df.o), (48 bytes).
	Removing .csky.attributes(_si_to_df.o), (34 bytes).
	Removing .text(_df_to_si.o), (112 bytes).
	Removing .data(_df_to_si.o), (0 bytes).
	Removing .bss(_df_to_si.o), (0 bytes).
	Removing .debug_info(_df_to_si.o), (1053 bytes).
	Removing .debug_abbrev(_df_to_si.o), (427 bytes).
	Removing .debug_loc(_df_to_si.o), (43 bytes).
	Removing .debug_aranges(_df_to_si.o), (32 bytes).
	Removing .debug_line(_df_to_si.o), (325 bytes).
	Removing .debug_str(_df_to_si.o), (1222 bytes).
	Removing .comment(_df_to_si.o), (60 bytes).
	Removing .debug_frame(_df_to_si.o), (60 bytes).
	Removing .csky.attributes(_df_to_si.o), (34 bytes).
	Removing .text(_thenan_df.o), (0 bytes).
	Removing .data(_thenan_df.o), (0 bytes).
	Removing .bss(_thenan_df.o), (0 bytes).
	Removing .rodata(_thenan_df.o), (20 bytes).
	Removing .debug_info(_thenan_df.o), (718 bytes).
	Removing .debug_abbrev(_thenan_df.o), (266 bytes).
	Removing .debug_aranges(_thenan_df.o), (24 bytes).
	Removing .debug_line(_thenan_df.o), (286 bytes).
	Removing .debug_str(_thenan_df.o), (1122 bytes).
	Removing .comment(_thenan_df.o), (60 bytes).
	Removing .csky.attributes(_thenan_df.o), (32 bytes).
	Removing .text(_muldi3.o), (68 bytes).
	Removing .data(_muldi3.o), (0 bytes).
	Removing .bss(_muldi3.o), (0 bytes).
	Removing .debug_info(_muldi3.o), (1056 bytes).
	Removing .debug_abbrev(_muldi3.o), (381 bytes).
	Removing .debug_loc(_muldi3.o), (168 bytes).
	Removing .debug_aranges(_muldi3.o), (32 bytes).
	Removing .debug_ranges(_muldi3.o), (48 bytes).
	Removing .debug_line(_muldi3.o), (415 bytes).
	Removing .debug_str(_muldi3.o), (1202 bytes).
	Removing .comment(_muldi3.o), (60 bytes).
	Removing .debug_frame(_muldi3.o), (52 bytes).
	Removing .csky.attributes(_muldi3.o), (32 bytes).
	Removing .text(_clz.o), (0 bytes).
	Removing .data(_clz.o), (0 bytes).
	Removing .bss(_clz.o), (0 bytes).
	Removing .rodata(_clz.o), (256 bytes).
	Removing .debug_info(_clz.o), (703 bytes).
	Removing .debug_abbrev(_clz.o), (203 bytes).
	Removing .debug_aranges(_clz.o), (24 bytes).
	Removing .debug_line(_clz.o), (383 bytes).
	Removing .debug_str(_clz.o), (1109 bytes).
	Removing .comment(_clz.o), (60 bytes).
	Removing .csky.attributes(_clz.o), (32 bytes).
	Removing .text(_clzsi2.o), (64 bytes).
	Removing .data(_clzsi2.o), (0 bytes).
	Removing .bss(_clzsi2.o), (0 bytes).
	Removing .debug_info(_clzsi2.o), (808 bytes).
	Removing .debug_abbrev(_clzsi2.o), (282 bytes).
	Removing .debug_loc(_clzsi2.o), (79 bytes).
	Removing .debug_aranges(_clzsi2.o), (32 bytes).
	Removing .debug_ranges(_clzsi2.o), (24 bytes).
	Removing .debug_line(_clzsi2.o), (409 bytes).
	Removing .debug_str(_clzsi2.o), (1138 bytes).
	Removing .comment(_clzsi2.o), (60 bytes).
	Removing .debug_frame(_clzsi2.o), (32 bytes).
	Removing .csky.attributes(_clzsi2.o), (32 bytes).
	Removing .text(_pack_df.o), (420 bytes).
	Removing .data(_pack_df.o), (0 bytes).
	Removing .bss(_pack_df.o), (0 bytes).
	Removing .debug_info(_pack_df.o), (1096 bytes).
	Removing .debug_abbrev(_pack_df.o), (469 bytes).
	Removing .debug_loc(_pack_df.o), (273 bytes).
	Removing .debug_aranges(_pack_df.o), (32 bytes).
	Removing .debug_ranges(_pack_df.o), (24 bytes).
	Removing .debug_line(_pack_df.o), (380 bytes).
	Removing .debug_str(_pack_df.o), (1221 bytes).
	Removing .comment(_pack_df.o), (60 bytes).
	Removing .debug_frame(_pack_df.o), (52 bytes).
	Removing .csky.attributes(_pack_df.o), (34 bytes).
	Removing .text(_unpack_df.o), (200 bytes).
	Removing .data(_unpack_df.o), (0 bytes).
	Removing .bss(_unpack_df.o), (0 bytes).
	Removing .debug_info(_unpack_df.o), (982 bytes).
	Removing .debug_abbrev(_unpack_df.o), (404 bytes).
	Removing .debug_loc(_unpack_df.o), (196 bytes).
	Removing .debug_aranges(_unpack_df.o), (32 bytes).
	Removing .debug_line(_unpack_df.o), (362 bytes).
	Removing .debug_str(_unpack_df.o), (1191 bytes).
	Removing .comment(_unpack_df.o), (60 bytes).
	Removing .debug_frame(_unpack_df.o), (44 bytes).
	Removing .csky.attributes(_unpack_df.o), (32 bytes).
	Removing .text(_fpcmp_parts_df.o), (140 bytes).
	Removing .data(_fpcmp_parts_df.o), (0 bytes).
	Removing .bss(_fpcmp_parts_df.o), (0 bytes).
	Removing .debug_info(_fpcmp_parts_df.o), (867 bytes).
	Removing .debug_abbrev(_fpcmp_parts_df.o), (342 bytes).
	Removing .debug_loc(_fpcmp_parts_df.o), (115 bytes).
	Removing .debug_aranges(_fpcmp_parts_df.o), (32 bytes).
	Removing .debug_line(_fpcmp_parts_df.o), (362 bytes).
	Removing .debug_str(_fpcmp_parts_df.o), (1157 bytes).
	Removing .comment(_fpcmp_parts_df.o), (60 bytes).
	Removing .debug_frame(_fpcmp_parts_df.o), (40 bytes).
	Removing .csky.attributes(_fpcmp_parts_df.o), (32 bytes).

565 unused seciton(s) (total 394779 bytes) removed from the image.

======================================================================

Image Symbol Table 

	Local Symbols

	Symbol Name                        Value        Type   Size  Section
	Obj/drv_dw_gpio.o                  0x00000000     df        0  *ABS*
	Obj/drv_dw_syscon.o                0x00000000     df        0  *ABS*
	Obj/drv_isr.o                      0x00000000     df        0  *ABS*
	Obj/drv_startup.o                  0x00000000     df        0  *ABS*
	Obj/drv_system.o                   0x00000000     df        0  *ABS*
	Obj/drv_trap_c.o                   0x00000000     df        0  *ABS*
	Obj/drv_vectors.o                  0x00000000     df        0  *ABS*
	Obj/main.o                         0x00000000     df        0  *ABS*
	_udivsi3.o                         0x00000000     df        0  *ABS*
	$d                                 0x00000100               0  .text
	$t                                 0x00000100               0  .text
	$d                                 0x000001b4               0  .text
	$d                                 0x000001c0               0  .text
	$t                                 0x000001c0               0  .text
	$d                                 0x00000308               0  .text
	$t                                 0x00000324               0  .text
	$d                                 0x00000834               0  .text
	$t                                 0x00000844               0  .text
	$d                                 0x00000a80               0  .text
	$d                                 0x00000a88               0  .text
	$t                                 0x00000a88               0  .text
	$d                                 0x00000ae4               0  .text
	$t                                 0x00000af0               0  .text
	$d                                 0x00000f3c               0  .text
	$t                                 0x00000f78               0  .text
	$d                                 0x00001358               0  .text
	$t                                 0x00001384               0  .text
	$d                                 0x000017e8               0  .text
	$t                                 0x00001808               0  .text
	$d                                 0x00001bbc               0  .text
	$d                                 0x00001bc4               0  .text
	$t                                 0x00001bc4               0  .text
	$d                                 0x00001be8               0  .text
	$t                                 0x00001bec               0  .text
	$d                                 0x000021ec               0  .text
	$t                                 0x000021f8               0  .text
	$d                                 0x0000241c               0  .text
	$d                                 0x00002424               0  .text
	$t                                 0x00002428               0  .text
	_start                             0x00002428               0  .text
	__exit                             0x0000247a               0  .text
	$d                                 0x0000247c               0  .text
	$d                                 0x0000249c               0  .text
	$t                                 0x0000249c               0  .text
	$d                                 0x000024bc               0  .text
	$t                                 0x000024c4               0  .text
	$d                                 0x00002568               0  .text
	$d                                 0x0000257c               0  .text
	$t                                 0x0000257c               0  .text
	$t                                 0x00002590               0  .text
	$d                                 0x000025da               0  .text
	$d                                 0x000025e0               0  .text
	$t                                 0x000025e0               0  .text
	gpio_intance                       0x20000030              80  .bss
	emosc_intialized_flag              0x20000080               1  .bss

	Global Symbols

	Symbol Name                        Value        Type   Size  Section
	__Vectors                          0x00000000      O      256  .text
	main                               0x00000100      F      192  .text
	__stext                            0x00000100               0  .text
	csi_gpio_initialize                0x000001c0      F      356  .text
	csi_gpio_exi_cb_init               0x00000324      F      234  .text
	csi_gpio_port_config               0x00000410      F      184  .text
	csi_gpio_pin_func_config           0x000004c8      F      424  .text
	csi_gpio_pin_pull_config           0x00000670      F      228  .text
	csi_gpio_pin_speed_config          0x00000754      F      248  .text
	csi_gpio_pin_outputmode_config     0x0000084c      F      226  .text
	csi_gpio_pin_exi_set               0x00000930      F      344  .text
	csi_syscon_cb_init                 0x00000a88      F      104  .text
	csi_syscon_emosc_config            0x00000af0      F      174  .text
	csi_syscon_set_clocksource_switch  0x00000ba0      F      252  .text
	csi_syscon_systemclock_config      0x00000c9c      F     1336  .text
	csi_syscon_set_solo_pclk_switch    0x000011d4      F      138  .text
	csi_syscon_set_all_pclk_switch     0x00001260      F       86  .text
	csi_syscon_clockmonitor_set_switch 0x000012b8      F      218  .text
	csi_syscon_pclk_active_under_sleep 0x00001394      F       68  .text
	csi_syscon_iwdt_set_switch         0x000013d8      F       64  .text
	csi_syscon_iwdt_reload             0x00001418      F       94  .text
	csi_syscon_iwdt_config             0x00001478      F       74  .text
	csi_syscon_lvd_config              0x000014c4      F      128  .text
	csi_syscon_lvd_set_switch          0x00001544      F       82  .text
	csi_syscon_lvd_get_status          0x00001598      F       70  .text
	csi_syscon_exi_set_rising          0x000015e0      F      130  .text
	csi_syscon_exi_set_falling         0x00001664      F      130  .text
	csi_syscon_exi_set_switch          0x000016e8      F      104  .text
	csi_syscon_clear_exi_pending       0x00001750      F       52  .text
	csi_syscon_exi_get_status          0x00001784      F      132  .text
	csi_syscon_software_trigger_exi    0x00001808      F       52  .text
	csi_syscon_reset_log_get_status    0x0000183c      F       46  .text
	csi_syscon_interrupt_set_switch    0x0000186c      F       98  .text
	csi_syscon_interrupt_clear_pending 0x000018d0      F       52  .text
	csi_syscon_interrupt_get_status    0x00001904      F      100  .text
	csi_syscon_get_prj_infor           0x00001968      F       98  .text
	csi_syscon_get_opt0_infor          0x000019cc      F      342  .text
	csi_syscon_hfosc_set_switch        0x00001b24      F       90  .text
	csi_syscon_clo_config              0x00001b80      F       68  .text
	ck_coret_irqhandler                0x00001bc4    w F       40  .text
	isr_ifc_irqhandler                 0x00001bec    w F       20  .text
	isr_adc_irqhandler                 0x00001c00    w F       20  .text
	isr_tc0_0_irqhandler               0x00001c14    w F       20  .text
	isr_tc0_1_irqhandler               0x00001c28    w F       20  .text
	isr_tc0_2_irqhandler               0x00001c3c    w F       20  .text
	isr_tc1_irqhandler                 0x00001c50    w F       20  .text
	isr_tc2_irqhandler                 0x00001c64    w F       20  .text
	isr_tc3_irqhandler                 0x00001c78    w F       20  .text
	isr_led_irqhandler                 0x00001c8c    w F       20  .text
	isr_epwm_irqhandler                0x00001ca0    w F       20  .text
	isr_usart_irqhandler               0x00001cb4    w F       20  .text
	isr_uart_irqhandler                0x00001cc8    w F       20  .text
	isr_i2c_irqhandler                 0x00001cdc    w F       20  .text
	isr_spi_irqhandler                 0x00001cf0    w F       20  .text
	isr_tkey_irqhandler                0x00001d04    w F       20  .text
	isr_comp0_irqhandler               0x00001d18    w F       20  .text
	isr_comp1_irqhandler               0x00001d2c    w F       20  .text
	CORET_IRQHandler                   0x00001d40      F       38  .text
	SYSCON_IRQHandler                  0x00001d68      F      386  .text
	IFC_IRQHandler                     0x00001eec      F       38  .text
	ADC_IRQHandler                     0x00001f14      F       38  .text
	TC0_0_IRQHandler                   0x00001f3c      F       38  .text
	TC0_1_IRQHandler                   0x00001f64      F       38  .text
	TC0_2_IRQHandler                   0x00001f8c      F       38  .text
	TC1_IRQHandler                     0x00001fb4      F       38  .text
	TC2_IRQHandler                     0x00001fdc      F       38  .text
	TC3_IRQHandler                     0x00002004      F       38  .text
	LED_IRQHandler                     0x0000202c      F       38  .text
	EPWM_IRQHandler                    0x00002054      F       38  .text
	EXI0_IRQHandler                    0x0000207c      F       52  .text
	EXI1_IRQHandler                    0x000020b0      F       52  .text
	EXI2_IRQHandler                    0x000020e4      F       88  .text
	EXI3_IRQHandler                    0x0000213c      F      258  .text
	EXI4_IRQHandler                    0x00002240      F      266  .text
	UART0_IRQHandler                   0x0000234c      F       26  .text
	UART1_IRQHandler                   0x00002368      F       26  .text
	I2C0_IRQHandler                    0x00002384      F       26  .text
	SPI0_IRQHandler                    0x000023a0      F       26  .text
	TKEY_IRQHandler                    0x000023bc      F       26  .text
	CMP0_IRQHandler                    0x000023d8      F       26  .text
	CMP1_IRQHandler                    0x000023f4      F       48  .text
	Reset_Handler                      0x00002428      F       82  .text
	SystemCoreClockUpdate              0x0000249c      F       40  .text
	SystemInit                         0x000024c4      F      184  .text
	trap_c                             0x0000257c      F       20  .text
	trap                               0x00002590      F        0  .text
	Default_Handler                    0x000025d8    w F        2  .text
	SYSCON_IRQHandle                   0x000025d8    w F        2  .text
	__udiv32                           0x000025e0      F       90  .text
	__udivsi3                          0x000025e0      F       90  .text
	__etext                            0x00002640               0  .text
	__srodata                          0x00002640               0  .rodata
	__erodata                          0x00002668               0  .rodata
	H_GPIOA0                           0x20000000      O        4  .data
	__data_start__                     0x20000000               0  .data
	__sdata                            0x20000000               0  .data
	data_start                         0x20000000               0  .data
	H_GPIOA1                           0x20000004      O        4  .data
	H_GPIOB0                           0x20000008      O        4  .data
	H_GPIOC0                           0x2000000c      O        4  .data
	H_GPIOD0                           0x20000010      O        4  .data
	H_EXIGRP                           0x20000014      O        4  .data
	H_SYSCON                           0x20000018      O        4  .data
	sysclk_cfg                         0x2000001c      O       12  .data
	SystemCoreClock                    0x20000028      O        4  .data
	__data_end__                       0x2000002c               0  .data
	__edata                            0x2000002c               0  .data
	__start_cmd                        0x2000002c               0  .data
	__start_init_call                  0x2000002c               0  .data
	__stop_cmd                         0x2000002c               0  .data
	__stop_init_call                   0x2000002c               0  .data
	__bss_start__                      0x2000002c               0  .bss
	__sbss                             0x2000002c               0  .bss
	gpio_exi_cb                        0x2000002c      O        4  .bss
	g_intstackalloc                    0x20000084               0  .bss
	g_intstackbase                     0x20000084               0  .bss
	g_top_irqstack                     0x20000484               0  .bss
	syscon_event_cb                    0x20000484      O        4  .bss
	__bss_end__                        0x20000488               0  .bss
	__ebss                             0x20000488               0  .bss
	__end                              0x20000488               0  .bss
	end                                0x20000488               0  .bss
	__StackTop                         0x20001800               0  .text

	(w:Weak    d:Deubg    F:Function    f:File name    O:Zero)


======================================================================

Memory Map of the image

    Image Entry point : 0x00002428

    Region PEFL (Base: 0x00000000, Size: 0x00002668, Max: 0x00010000)

    Base Addr    Size         Type   Attr      Idx   Section Name       Object
    0x00000100   0x000000c0   Code   RO         16  .text          	Obj/main.o
    0x000001c0   0x000008c8   Code   RO         42  .text          	Obj/drv_dw_gpio.o
    0x00000a88   0x0000113c   Code   RO         72  .text          	Obj/drv_dw_syscon.o
    0x00001bc4   0x00000860   Code   RO         88  .text          	Obj/drv_isr.o
    0x00002424   0x00000078   Code   RO        130  .text          	Obj/drv_startup.o
    0x0000249c   0x000000e0   Code   RO        140  .text          	Obj/drv_system.o
    0x0000257c   0x00000014   Code   RO        154  .text          	Obj/drv_trap_c.o
    0x00002590   0x00000050   Code   RO        168  .text          	Obj/drv_vectors.o
    0x000025e0   0x0000005a   Code   RO        353  .text          	_udivsi3.o
    0x0000263a   0x00000002   PAD
    0x0000263c   0x00000004   PAD
    0x00002640   0x00000014   Data   RO         45  .rodata        	Obj/drv_dw_gpio.o
    0x00002654   0x00000014   Data   RO         75  .rodata        	Obj/drv_dw_syscon.o

    Region DEFL (Base: 0x10000000, Size: 0x00000000, Max: 0x00001000)

    Region SRAM (Base: 0x20000000, Size: 0x00000488, Max: 0x00001800)

    Base Addr    Size         Type   Attr      Idx   Section Name       Object
    0x20000000   0x00000018   Data   RW         43  .data          	Obj/drv_dw_gpio.o
    0x20000018   0x00000010   Data   RW         73  .data          	Obj/drv_dw_syscon.o
    0x20000028   0x00000004   Data   RW        141  .data          	Obj/drv_system.o
    0x2000002c   0x00000054   Zero   RW         44  .bss           	Obj/drv_dw_gpio.o
    0x20000080   0x00000001   Zero   RW         74  .bss           	Obj/drv_dw_syscon.o
    0x20000081   0x00000003   PAD
    0x20000084   0x00000400   Zero   RW        132  .bss           	Obj/drv_startup.o
    0x20000484   0x00000004   Zero   RW         87  COMMON         	Obj/drv_dw_syscon.o

    Region *default* (Base: 0x00000000, Size: 0x00000000, Max: 0xffffffff)


======================================================================

Image component sizes

       Code    RO Data    RW Data    ZI Data      Debug   Object Name

          0          0          0          0          0   linker stubs
        192          0          0          0      22666   Obj/main.o
          0          0          0          0          0   Obj/drv_devices.o
       2248         20         24         84      30749   Obj/drv_dw_gpio.o
          0          0          0          0          0   Obj/drv_dw_ifc.o
       4412         20         16          5      32920   Obj/drv_dw_syscon.o
       2144          0          0          0      24539   Obj/drv_isr.o
          0          0          0          0          0   Obj/drv_lib.o
          0          0          0          0          0   Obj/drv_minilibc_port.o
        120          0          0       1024        400   Obj/drv_startup.o
        224          0          4          0      22990   Obj/drv_system.o
         20          0          0          0      14489   Obj/drv_trap_c.o
         80          0          0          0        387   Obj/drv_vectors.o
          0          0          0          0          0   Obj/libc_malloc.o
          0          0          0          0          0   Obj/mm_dq_addlast.o
          0          0          0          0          0   Obj/mm_dq_rem.o
          0          0          0          0          0   Obj/mm_lib_mallinfo.o
          0          0          0          0          0   Obj/mm_mm_addfreechunk.o
          0          0          0          0          0   Obj/mm_mm_free.o
          0          0          0          0          0   Obj/mm_mm_initialize.o
          0          0          0          0          0   Obj/mm_mm_leak.o
          0          0          0          0          0   Obj/mm_mm_mallinfo.o
          0          0          0          0          0   Obj/mm_mm_malloc.o
          0          0          0          0          0   Obj/mm_mm_size2ndx.o
          0          0          0          0          0   Obj/__rt_entry.o
	------------------------------------------------------------
       9440         40         44       1113     149140   Object Totals
          6          0          0          3          0   Pad
          0          0          0          0          0   LD_GEN

	------------------------------------------------------------
    [Library Name]: f:/appl/c-sky/cdk/csky/mingw/csky-abiv2-elf-toolchain/bin/../lib/gcc/csky-elfabiv2/6.3.0/ck801\libgcc.a
	------------------------------------------------------------
       Code    RO Data    RW Data    ZI Data      Debug   Library Member Name

         90          0          0          0        472   _udivsi3.o
	------------------------------------------------------------
         90          0          0          0        472   Library Totals
          0          0          0          0          0   Pad
          0          0          0          0          0   LD_GEN

	------------------------------------------------------------
    [Library Name]: f:/appl/c-sky/cdk/csky/mingw/csky-abiv2-elf-toolchain/bin/../lib/gcc/csky-elfabiv2/6.3.0/../../../../csky-elfabiv2/lib/ck801\libc.a
	------------------------------------------------------------
       Code    RO Data    RW Data    ZI Data      Debug   Library Member Name

          0          0          0          0          0   printf.o
          0          0          0          0          0   vprintf.o
          0          0          0          0          0   __v_printf.o
          0          0          0          0          0   __dtostr.o
          0          0          0          0          0   __ltostr.o
          0          0          0          0          0   puts.o
          0          0          0          0          0   __isnan.o
          0          0          0          0          0   __lltostr.o
          0          0          0          0          0   stdinit.o
          0          0          0          0          0   fputs.o
          0          0          0          0          0   _strtol.o
          0          0          0          0          0   _strtoul.o
          0          0          0          0          0   memset_fast.o
          0          0          0          0          0   strlen_fast.o
          0          0          0          0          0   memmove_fast.o
          0          0          0          0          0   strcpy_fast.o
          0          0          0          0          0   memcpy_fast.o
          0          0          0          0          0   strchr.o
          0          0          0          0          0   strerror.o
          0          0          0          0          0   isspace.o
          0          0          0          0          0   minilibc_init.o
          0          0          0          0          0   critical.o
          0          0          0          0          0   __isinf.o
	------------------------------------------------------------
          0          0          0          0          0   Library Totals
          0          0          0          0          0   Pad
          0          0          0          0          0   LD_GEN

	------------------------------------------------------------
    [Library Name]: f:/appl/c-sky/cdk/csky/mingw/csky-abiv2-elf-toolchain/bin/../lib/gcc/csky-elfabiv2/6.3.0/ck801\libgcc.a
	------------------------------------------------------------
       Code    RO Data    RW Data    ZI Data      Debug   Library Member Name

          0          0          0          0          0   _divsi3.o
          0          0          0          0          0   _modsi3.o
          0          0          0          0          0   _umodsi3.o
          0          0          0          0          0   _udivdi3.o
          0          0          0          0          0   _umoddi3.o
          0          0          0          0          0   _addsub_df.o
          0          0          0          0          0   _mul_df.o
          0          0          0          0          0   _div_df.o
          0          0          0          0          0   _eq_df.o
          0          0          0          0          0   _gt_df.o
          0          0          0          0          0   _ge_df.o
          0          0          0          0          0   _lt_df.o
          0          0          0          0          0   _si_to_df.o
          0          0          0          0          0   _df_to_si.o
          0          0          0          0          0   _thenan_df.o
          0          0          0          0          0   _muldi3.o
          0          0          0          0          0   _clz.o
          0          0          0          0          0   _clzsi2.o
          0          0          0          0          0   _pack_df.o
          0          0          0          0          0   _unpack_df.o
          0          0          0          0          0   _fpcmp_parts_df.o
	------------------------------------------------------------
          0          0          0          0          0   Library Totals
          0          0          0          0          0   Pad
          0          0          0          0          0   LD_GEN

	------------------------------------------------------------

======================================================================


       Code    RO Data    RW Data    ZI Data      Debug
       9536         40         44       1116     149612   Grand Totals
       9536         40         44       1116     149612   Elf Image Totals
       9536         40         44          0          0   ROM Totals

======================================================================

Total	RO	Size (Code + RO Data)				9576 (  9.35kB)
Total	RW	Size (RW Data + ZI Data)			1160 (  1.13kB)
Total	ROM	Size (Code + RO Data + RW Data)		9620 (  9.39kB)

======================================================================
